// Jest Snapshot v1, https://goo.gl/fbAQLP

exports[`should render Keyboard correctly 1`] = `undefined`;
