// Jest Snapshot v1, https://goo.gl/fbAQLP

exports[`should render Categories component 1`] = `undefined`;
